// Jest Snapshot v1, https://goo.gl/fbAQLP

exports[`dedent empty string 1`] = `""`;

exports[`dedent has indent 1`] = `
"A string that gets so long you need to break it over
multiple lines. Luckily dedent is here to keep it
readable without lots of spaces ending up in the string
itself."
`;

exports[`dedent no indent 1`] = `
"
test string without indentation
that wraps
onto multiple
lines to test"
`;

exports[`dedent varying indent 1`] = `
"Leading and trailing lines will be trimmed, so you can write something like
this and have it work as you expect:
    
  * how convenient it is
  * that I can use an indented list
      - and still have it do the right thing
    
That's all."
`;
